<html>
<body>
<pre>
<h1>礦ision Build Log</h1>
<h2>Tool Versions:</h2>
IDE-Version: μVision V5.40.0.0
Copyright (C) 2024 ARM Ltd and ARM Germany GmbH. All rights reserved.
License Information: FFFF Administrator, FFF, LIC=QF82M-X5WK1-BSVYX-HQSGS-5LI2R-RGCXA
 
Tool Versions:
Toolchain:       MDK-ARM Plus  Version: 5.40.0.3
Toolchain Path:  D:\Users\Administrator\AppData\Local\Keil_v5\ARM\ARMCC\Bin
C Compiler:      Armcc.exe V5.06 update 1 (build 61)
Assembler:       Armasm.exe V5.06 update 1 (build 61)
Linker/Locator:  ArmLink.exe V5.06 update 1 (build 61)
Library Manager: ArmAr.exe V5.06 update 1 (build 61)
Hex Converter:   FromElf.exe V5.06 update 1 (build 61)
CPU DLL:         SARMCM3.DLL V5.40.0.3
Dialog DLL:      DCM.DLL V1.17.5.0
Target DLL:      Segger\JL2CM3.dll V2.99.44.0
Dialog DLL:      TCM.DLL V1.56.4.0
 
<h2>Project:</h2>
D:\桌面\13.ARM32单片机实战课程\02 代码例程\FREERTOS\ARM32.uvprojx
Project File Date:  11/11/2024

<h2>Output:</h2>
*** Using Compiler 'V5.06 update 1 (build 61)', folder: 'D:\Users\Administrator\AppData\Local\Keil_v5\ARM\ARMCC\Bin'
Rebuild target 'ARM32'
assembling startup_gd32f30x_hd.s...
compiling gd32f30x_it.c...
compiling croutine.c...
compiling list.c...
compiling event_groups.c...
compiling queue.c...
compiling stream_buffer.c...
compiling timers.c...
compiling led_drv.c...
compiling heap_4.c...
compiling tasks.c...
compiling key_drv.c...
compiling gd32f30x_misc.c...
compiling usb2Com_drv.c...
compiling gd32f30x_exti.c...
compiling gd32f30x_gpio.c...
compiling main.c...
compiling system_gd32f30x.c...
compiling gd32f30x_rcu.c...
compiling systick.c...
compiling gd32f30x_usart.c...
compiling port.c...
linking...
Program Size: Code=4928 RO-data=336 RW-data=168 ZI-data=25800  
FromELF: creating hex file...
After Build - User command #1: D:\Users\Administrator\AppData\Local\Keil_v5\ARM\ARMCLANG\bin\fromelf.exe --bin -o ./Objects/ARM32.bin ./Objects/ARM32.axf"
".\Objects\ARM32.axf" - 0 Error(s), 0 Warning(s).

<h2>Software Packages used:</h2>

Package Vendor: GigaDevice
                https://gd32mcu.com/data/documents/pack/GigaDevice.GD32F30x_DFP.2.2.1.pack
                GigaDevice::GD32F30x_DFP@2.2.1
                GigaDevice GD32F30x Series Device Support and Examples

<h2>Collection of Component include folders:</h2>
  D:/Users/Administrator/AppData/Local/Arm/Packs/GigaDevice/GD32F30x_DFP/2.2.1/Device/Include

<h2>Collection of Component Files used:</h2>
Build Time Elapsed:  00:00:02
</pre>
</body>
</html>
